// Jest Snapshot v1, https://goo.gl/fbAQLP

exports[`RadioField Field component matches snapshot 1`] = `
<div
  className="components-base-control caldera-field caldera-field-radio components-radio-control"
>
  <div
    className="components-base-control__field"
  >
    <label
      className="components-base-control__label"
      htmlFor="inspector-radio-control-0"
    >
      Select A Hat!
    </label>
    <div
      className="components-radio-control__option"
    >
      <input
        aria-describedby="inspector-radio-control-0__help"
        checked={false}
        className="components-radio-control__input"
        id="inspector-radio-control-0-0"
        name="inspector-radio-control-0"
        onChange={[Function]}
        type="radio"
        value={100}
      />
      <label
        htmlFor="inspector-radio-control-0-0"
      >
        Hat One
      </label>
    </div>
    <div
      className="components-radio-control__option"
    >
      <input
        aria-describedby="inspector-radio-control-0__help"
        checked={false}
        className="components-radio-control__input"
        id="inspector-radio-control-0-1"
        name="inspector-radio-control-0"
        onChange={[Function]}
        type="radio"
        value={200}
      />
      <label
        htmlFor="inspector-radio-control-0-1"
      >
        Hat Two
      </label>
    </div>
  </div>
  <p
    className="components-base-control__help"
    id="inspector-radio-control-0__help"
  >
    selection of hats
  </p>
</div>
`;
