// Jest Snapshot v1, https://goo.gl/fbAQLP

exports[`FormsList Matches snapshot  1`] = `
<div
  classname=""
>
  <div
    icon="feedback"
    initialOpen={true}
    title="Panel Title"
  >
    <div>
      <div>
        <div>
          Contact Form
        </div>
        <div>
          <button
            className="form-list-item form-list-item-edit"
            onClick={[Function]}
          >
            Edit Form
          </button>
          <button
            className="form-list-item form-list-item-view-entries"
            onClick={[Function]}
          >
            View Entries
          </button>
          <button
            className="form-list-item form-list-item-preview"
            onClick={[Function]}
          >
            Preview Form
          </button>
          <button
            className="form-list-item form-list-item-settings"
            onClick={[Function]}
          >
            Form Settings
          </button>
        </div>
      </div>
    </div>
    <div>
      <div>
        <div>
          Other Form
        </div>
        <div>
          <button
            className="form-list-item form-list-item-edit"
            onClick={[Function]}
          >
            Edit Form
          </button>
          <button
            className="form-list-item form-list-item-view-entries"
            onClick={[Function]}
          >
            View Entries
          </button>
          <button
            className="form-list-item form-list-item-preview"
            onClick={[Function]}
          >
            Preview Form
          </button>
          <button
            className="form-list-item form-list-item-settings"
            onClick={[Function]}
          >
            Form Settings
          </button>
        </div>
      </div>
    </div>
  </div>
</div>
`;
