// Jest Snapshot v1, https://goo.gl/fbAQLP

exports[`AddProcessor Shows the choices 1`] = `
Object {
  "asFragment": [Function],
  "baseElement": <body>
    <div>
      <div
        class="caldera-field-group caldera-field-area-select is-required form-group"
      >
        <label
          class="form-label"
          for="newProcessorType"
        >
          Processor Type
           
          <span>
            *
          </span>
        </label>
        <select
          class="caldera-field caldera-field-select form-control"
          id="newProcessorType"
          required=""
        >
          <option>
            --
          </option>
          <option
            value="apiRequest"
          >
            apiRequest
          </option>
          <option
            value="redirect"
          >
            redirect
          </option>
        </select>
        
      </div>
      <button
        disabled=""
      >
        Choose Processor Type
      </button>
    </div>
  </body>,
  "container": <div>
    <div
      class="caldera-field-group caldera-field-area-select is-required form-group"
    >
      <label
        class="form-label"
        for="newProcessorType"
      >
        Processor Type
         
        <span>
          *
        </span>
      </label>
      <select
        class="caldera-field caldera-field-select form-control"
        id="newProcessorType"
        required=""
      >
        <option>
          --
        </option>
        <option
          value="apiRequest"
        >
          apiRequest
        </option>
        <option
          value="redirect"
        >
          redirect
        </option>
      </select>
      
    </div>
    <button
      disabled=""
    >
      Choose Processor Type
    </button>
  </div>,
  "debug": [Function],
  "findAllByAltText": [Function],
  "findAllByDisplayValue": [Function],
  "findAllByLabelText": [Function],
  "findAllByPlaceholderText": [Function],
  "findAllByRole": [Function],
  "findAllByTestId": [Function],
  "findAllByText": [Function],
  "findAllByTitle": [Function],
  "findByAltText": [Function],
  "findByDisplayValue": [Function],
  "findByLabelText": [Function],
  "findByPlaceholderText": [Function],
  "findByRole": [Function],
  "findByTestId": [Function],
  "findByText": [Function],
  "findByTitle": [Function],
  "getAllByAltText": [Function],
  "getAllByDisplayValue": [Function],
  "getAllByLabelText": [Function],
  "getAllByPlaceholderText": [Function],
  "getAllByRole": [Function],
  "getAllBySelectText": [Function],
  "getAllByTestId": [Function],
  "getAllByText": [Function],
  "getAllByTitle": [Function],
  "getAllByValue": [Function],
  "getByAltText": [Function],
  "getByDisplayValue": [Function],
  "getByLabelText": [Function],
  "getByPlaceholderText": [Function],
  "getByRole": [Function],
  "getBySelectText": [Function],
  "getByTestId": [Function],
  "getByText": [Function],
  "getByTitle": [Function],
  "getByValue": [Function],
  "queryAllByAltText": [Function],
  "queryAllByDisplayValue": [Function],
  "queryAllByLabelText": [Function],
  "queryAllByPlaceholderText": [Function],
  "queryAllByRole": [Function],
  "queryAllBySelectText": [Function],
  "queryAllByTestId": [Function],
  "queryAllByText": [Function],
  "queryAllByTitle": [Function],
  "queryAllByValue": [Function],
  "queryByAltText": [Function],
  "queryByDisplayValue": [Function],
  "queryByLabelText": [Function],
  "queryByPlaceholderText": [Function],
  "queryByRole": [Function],
  "queryBySelectText": [Function],
  "queryByTestId": [Function],
  "queryByText": [Function],
  "queryByTitle": [Function],
  "queryByValue": [Function],
  "rerender": [Function],
  "unmount": [Function],
}
`;
