// Jest Snapshot v1, https://goo.gl/fbAQLP

exports[`HorizontalForm Matches snapshot 1`] = `
<div>
  <form
    onReset={[Function]}
    onSubmit={[Function]}
  >
    <div
      className="sc-bdVaJa caldera-row caldera-form-row sc-bwzfXH pjOvZ"
      id={undefined}
    >
      <div
        className="caldera-column sc-bdVaJa iHZvIS"
        id={undefined}
        width={undefined}
      >
        <div
          className="caldera-field-wrapper caldera-field-wrapper-text"
        >
          <fieldset
            className="caldera-fieldset caldera-fieldset-checkboxes"
          >
            <legend>
              Checkbox Field Set Label
            </legend>
            <div
              className="components-base-control"
            >
              <div
                className="components-base-control__field"
              >
                <input
                  aria-describedby={undefined}
                  checked={true}
                  className="components-checkbox-control__input"
                  id="opt-1"
                  onBlur={[Function]}
                  onChange={[Function]}
                  type="checkbox"
                  value="1"
                />
                <label
                  className="components-checkbox-control__label"
                  htmlFor="inspector-checkbox-control-0"
                >
                  One
                </label>
              </div>
            </div>
            <div
              className="components-base-control"
            >
              <div
                className="components-base-control__field"
              >
                <input
                  aria-describedby="inspector-checkbox-control-1__help"
                  checked={true}
                  className="components-checkbox-control__input"
                  id="opt-2"
                  onBlur={[Function]}
                  onChange={[Function]}
                  type="checkbox"
                  value="1"
                />
                <label
                  className="components-checkbox-control__label"
                  htmlFor="inspector-checkbox-control-1"
                >
                  Two
                </label>
              </div>
              <p
                className="components-base-control__help"
                id="inspector-checkbox-control-1__help"
              >
                The Second Option
              </p>
            </div>
            <div
              className="components-base-control"
            >
              <div
                className="components-base-control__field"
              >
                <input
                  aria-describedby={undefined}
                  checked={true}
                  className="components-checkbox-control__input"
                  id="opt-3"
                  onBlur={[Function]}
                  onChange={[Function]}
                  type="checkbox"
                  value="1"
                />
                <label
                  className="components-checkbox-control__label"
                  htmlFor="inspector-checkbox-control-2"
                >
                  Three
                </label>
              </div>
            </div>
          </fieldset>
        </div>
      </div>
    </div>
    <div
      className="sc-bdVaJa caldera-row caldera-form-row sc-bwzfXH pjOvZ"
      id={undefined}
    >
      <div
        className="caldera-column sc-bdVaJa iHZvIS"
        id={undefined}
        width={undefined}
      >
        <div
          className="caldera-field-wrapper caldera-field-wrapper-text"
        >
          <div
            className="components-base-control caldera-field caldera-field-select"
          >
            <div
              className="components-base-control__field"
            >
              <label
                className="components-base-control__label"
                htmlFor="inspector-select-control-0"
              >
                Select Field Label
              </label>
              <select
                aria-describedby="inspector-select-control-0__help"
                className="components-select-control__input"
                id="selectFieldId"
                multiple={false}
                onChange={[Function]}
                value={undefined}
              >
                <option
                  value={0}
                >
                  Zero
                </option>
                <option
                  value={1}
                >
                  One
                </option>
                <option
                  value={2}
                >
                  Two
                </option>
              </select>
            </div>
            <p
              className="components-base-control__help"
              id="inspector-select-control-0__help"
            >
              Select field description
            </p>
          </div>
        </div>
      </div>
    </div>
    <div
      className="sc-bdVaJa caldera-row caldera-form-row sc-bwzfXH pjOvZ"
      id={undefined}
    >
      <div
        className="caldera-column sc-bdVaJa iHZvIS"
        id={undefined}
        width={undefined}
      >
        <div
          className="caldera-field-wrapper caldera-field-wrapper-text"
        >
          <div
            className="components-base-control"
          >
            <div
              className="components-base-control__field"
            >
              <input
                aria-describedby="inspector-checkbox-control-3__help"
                checked={true}
                className="components-checkbox-control__input"
                id="checkboxFieldLabel"
                onBlur={[Function]}
                onChange={[Function]}
                type="checkbox"
                value="1"
              />
              <label
                className="components-checkbox-control__label"
                htmlFor="inspector-checkbox-control-3"
              >
                Checkbox Labe
              </label>
            </div>
            <p
              className="components-base-control__help"
              id="inspector-checkbox-control-3__help"
            >
              Checkbox field description
            </p>
          </div>
        </div>
      </div>
    </div>
    <input
      className="caldera-forms-submit"
      disabled={false}
      type="submit"
      value="Click Button"
    />
  </form>
</div>
`;
