// Jest Snapshot v1, https://goo.gl/fbAQLP

exports[`Main Section component should match snapshot 1`] = `
<div
  className="class-one"
>
  <h2>
    The Title
  </h2>
  Insides
</div>
`;
