// Jest Snapshot v1, https://goo.gl/fbAQLP

exports[`FormEditor should match snapshot 1`] = `
Object {
  "asFragment": [Function],
  "baseElement": <body>
    <div
      aria-atomic="true"
      aria-live="polite"
      aria-relevant="additions text"
      class="a11y-speak-region"
      id="a11y-speak-polite"
      style="position: absolute;margin: -1px;padding: 0;height: 1px;width: 1px;overflow: hidden;clip: rect(1px, 1px, 1px, 1px);-webkit-clip-path: inset(50%);clip-path: inset(50%);border: 0;word-wrap: normal !important;"
    />
    <div
      aria-atomic="true"
      aria-live="assertive"
      aria-relevant="additions text"
      class="a11y-speak-region"
      id="a11y-speak-assertive"
      style="position: absolute;margin: -1px;padding: 0;height: 1px;width: 1px;overflow: hidden;clip: rect(1px, 1px, 1px, 1px);-webkit-clip-path: inset(50%);clip-path: inset(50%);border: 0;word-wrap: normal !important;"
    />
    <div>
      <div>
        <div
          class="sc-bdVaJa caldera-row sc-bwzfXH pjOvZ"
        >
          <div
            class="caldera-column width-1 sc-bdVaJa iHZvIS"
          >
            <p>
              Form Name
            </p>
          </div>
        </div>
        <div
          class="caldera-processor"
        >
          <div
            aria-orientation="horizontal"
            class="components-tab-panel__tabs"
            role="tablist"
          >
            <button
              aria-controls="0-editor-view"
              aria-selected="false"
              class="components-button caldera-forms-editor-layout-tab-btn "
              id="0-editor"
              role="tab"
              tabindex="-1"
              type="button"
            >
              Layout
            </button>
            <button
              aria-controls="0-entries-view"
              aria-selected="false"
              class="components-button caldera-forms-editor-entries-tab-btn "
              id="0-entries"
              role="tab"
              tabindex="-1"
              type="button"
            >
              Entries
            </button>
            <button
              aria-controls="0-processors-view"
              aria-selected="true"
              class="components-button caldera-forms-editor-processors-tab-btn active-tab"
              id="0-processors"
              role="tab"
              type="button"
            >
              Processors
            </button>
            <button
              aria-controls="0-mailer-view"
              aria-selected="false"
              class="components-button caldera-forms-editor-mailer-tab-btn "
              id="0-mailer"
              role="tab"
              tabindex="-1"
              type="button"
            >
              Mail
            </button>
            <button
              aria-controls="0-settings-view"
              aria-selected="false"
              class="components-button caldera-forms-editor-settings-tab-btn "
              id="0-settings"
              role="tab"
              tabindex="-1"
              type="button"
            >
              Settings
            </button>
          </div>
          <div
            aria-labelledby="0-processors"
            class="components-tab-panel__tab-content"
            id="0-processors-view"
            role="tabpanel"
            tabindex="0"
          >
            <div
              class="caldera-forms-editor-processors"
            >
              <h2>
                Processors
              </h2>
              <div>
                <div>
                  <div
                    class="sc-bdVaJa caldera-row sc-bwzfXH pjOvZ"
                  >
                    <button
                      class="caldera-forms-choose-processor caldera-forms-choose-processor-season7Episode2"
                    >
                      Test sending form data to test API
                    </button>
                  </div>
                  <div
                    class="sc-bdVaJa caldera-row sc-bwzfXH pjOvZ"
                  >
                    <button
                      class="caldera-forms-choose-processor caldera-forms-choose-processor-p2"
                    >
                      Main MailChimp
                    </button>
                  </div>
                </div>
                <div>
                  <div
                    class="caldera-field-group caldera-field-area-select is-required form-group"
                  >
                    <label
                      class="form-label"
                      for="newProcessorType"
                    >
                      Processor Type
                       
                      <span>
                        *
                      </span>
                    </label>
                    <select
                      class="caldera-field caldera-field-select form-control"
                      id="newProcessorType"
                      required=""
                    >
                      <option>
                        --
                      </option>
                      <option>
                        --
                      </option>
                      <option
                        value="apiRequest"
                      >
                        apiRequest
                      </option>
                      <option
                        value="redirect"
                      >
                        redirect
                      </option>
                      <option
                        value="autoResponder"
                      >
                        autoResponder
                      </option>
                      <option
                        value="apiRequest"
                      >
                        apiRequest
                      </option>
                    </select>
                    
                  </div>
                  <button
                    disabled=""
                  >
                    Add 
                    
                     Processor
                  </button>
                </div>
              </div>
            </div>
          </div>
        </div>
      </div>
    </div>
  </body>,
  "container": <div>
    <div>
      <div
        class="sc-bdVaJa caldera-row sc-bwzfXH pjOvZ"
      >
        <div
          class="caldera-column width-1 sc-bdVaJa iHZvIS"
        >
          <p>
            Form Name
          </p>
        </div>
      </div>
      <div
        class="caldera-processor"
      >
        <div
          aria-orientation="horizontal"
          class="components-tab-panel__tabs"
          role="tablist"
        >
          <button
            aria-controls="0-editor-view"
            aria-selected="false"
            class="components-button caldera-forms-editor-layout-tab-btn "
            id="0-editor"
            role="tab"
            tabindex="-1"
            type="button"
          >
            Layout
          </button>
          <button
            aria-controls="0-entries-view"
            aria-selected="false"
            class="components-button caldera-forms-editor-entries-tab-btn "
            id="0-entries"
            role="tab"
            tabindex="-1"
            type="button"
          >
            Entries
          </button>
          <button
            aria-controls="0-processors-view"
            aria-selected="true"
            class="components-button caldera-forms-editor-processors-tab-btn active-tab"
            id="0-processors"
            role="tab"
            type="button"
          >
            Processors
          </button>
          <button
            aria-controls="0-mailer-view"
            aria-selected="false"
            class="components-button caldera-forms-editor-mailer-tab-btn "
            id="0-mailer"
            role="tab"
            tabindex="-1"
            type="button"
          >
            Mail
          </button>
          <button
            aria-controls="0-settings-view"
            aria-selected="false"
            class="components-button caldera-forms-editor-settings-tab-btn "
            id="0-settings"
            role="tab"
            tabindex="-1"
            type="button"
          >
            Settings
          </button>
        </div>
        <div
          aria-labelledby="0-processors"
          class="components-tab-panel__tab-content"
          id="0-processors-view"
          role="tabpanel"
          tabindex="0"
        >
          <div
            class="caldera-forms-editor-processors"
          >
            <h2>
              Processors
            </h2>
            <div>
              <div>
                <div
                  class="sc-bdVaJa caldera-row sc-bwzfXH pjOvZ"
                >
                  <button
                    class="caldera-forms-choose-processor caldera-forms-choose-processor-season7Episode2"
                  >
                    Test sending form data to test API
                  </button>
                </div>
                <div
                  class="sc-bdVaJa caldera-row sc-bwzfXH pjOvZ"
                >
                  <button
                    class="caldera-forms-choose-processor caldera-forms-choose-processor-p2"
                  >
                    Main MailChimp
                  </button>
                </div>
              </div>
              <div>
                <div
                  class="caldera-field-group caldera-field-area-select is-required form-group"
                >
                  <label
                    class="form-label"
                    for="newProcessorType"
                  >
                    Processor Type
                     
                    <span>
                      *
                    </span>
                  </label>
                  <select
                    class="caldera-field caldera-field-select form-control"
                    id="newProcessorType"
                    required=""
                  >
                    <option>
                      --
                    </option>
                    <option>
                      --
                    </option>
                    <option
                      value="apiRequest"
                    >
                      apiRequest
                    </option>
                    <option
                      value="redirect"
                    >
                      redirect
                    </option>
                    <option
                      value="autoResponder"
                    >
                      autoResponder
                    </option>
                    <option
                      value="apiRequest"
                    >
                      apiRequest
                    </option>
                  </select>
                  
                </div>
                <button
                  disabled=""
                >
                  Add 
                  
                   Processor
                </button>
              </div>
            </div>
          </div>
        </div>
      </div>
    </div>
  </div>,
  "debug": [Function],
  "findAllByAltText": [Function],
  "findAllByDisplayValue": [Function],
  "findAllByLabelText": [Function],
  "findAllByPlaceholderText": [Function],
  "findAllByRole": [Function],
  "findAllByTestId": [Function],
  "findAllByText": [Function],
  "findAllByTitle": [Function],
  "findByAltText": [Function],
  "findByDisplayValue": [Function],
  "findByLabelText": [Function],
  "findByPlaceholderText": [Function],
  "findByRole": [Function],
  "findByTestId": [Function],
  "findByText": [Function],
  "findByTitle": [Function],
  "getAllByAltText": [Function],
  "getAllByDisplayValue": [Function],
  "getAllByLabelText": [Function],
  "getAllByPlaceholderText": [Function],
  "getAllByRole": [Function],
  "getAllBySelectText": [Function],
  "getAllByTestId": [Function],
  "getAllByText": [Function],
  "getAllByTitle": [Function],
  "getAllByValue": [Function],
  "getByAltText": [Function],
  "getByDisplayValue": [Function],
  "getByLabelText": [Function],
  "getByPlaceholderText": [Function],
  "getByRole": [Function],
  "getBySelectText": [Function],
  "getByTestId": [Function],
  "getByText": [Function],
  "getByTitle": [Function],
  "getByValue": [Function],
  "queryAllByAltText": [Function],
  "queryAllByDisplayValue": [Function],
  "queryAllByLabelText": [Function],
  "queryAllByPlaceholderText": [Function],
  "queryAllByRole": [Function],
  "queryAllBySelectText": [Function],
  "queryAllByTestId": [Function],
  "queryAllByText": [Function],
  "queryAllByTitle": [Function],
  "queryAllByValue": [Function],
  "queryByAltText": [Function],
  "queryByDisplayValue": [Function],
  "queryByLabelText": [Function],
  "queryByPlaceholderText": [Function],
  "queryByRole": [Function],
  "queryBySelectText": [Function],
  "queryByTestId": [Function],
  "queryByText": [Function],
  "queryByTitle": [Function],
  "queryByValue": [Function],
  "rerender": [Function],
  "unmount": [Function],
}
`;
