// Jest Snapshot v1, https://goo.gl/fbAQLP

exports[`ContentDisplay Renders the html 1`] = `
<div
  dangerouslySetInnerHTML={
    Object {
      "__html": undefined,
    }
  }
/>
`;
