// Jest Snapshot v1, https://goo.gl/fbAQLP

exports[`Shows list 1`] = `
<div
  className="caldera-field-wrapper caldera-field-wrapper-text"
>
  <label
    className="caldera-field-label caldera-field-label-text"
    htmlFor="caldera-mc-select-list-a"
  >
     
  </label>
  <input
    className="caldera-field caldera-field-text"
    id="caldera-mc-select-list-a"
    onBlur={[Function]}
    onChange={[Function]}
    type="text"
    value="45907f0c59"
  />
</div>
`;
