// Jest Snapshot v1, https://goo.gl/fbAQLP

exports[`Caldera Forms Forms 1`] = `
<div>
  <form
    onReset={[Function]}
    onSubmit={[Function]}
  >
    <div
      className="sc-bdVaJa caldera-row caldera-form-row sc-bwzfXH pjOvZ"
      id={undefined}
    >
      <div
        className="caldera-column sc-bdVaJa iHZvIS"
        id={undefined}
        width={undefined}
      >
        <div
          className="caldera-field-wrapper caldera-field-wrapper-text"
        >
          <div
            className="components-base-control caldera-field caldera-field-email"
          >
            <div
              className="components-base-control__field"
            >
              <label
                className="components-base-control__label"
                htmlFor="inspector-text-control-0"
              >
                Email Field Label
              </label>
              <input
                aria-describedby="inspector-text-control-0__help"
                className="components-text-control__input"
                id="emailFieldId"
                multiple={true}
                onBlur={[Function]}
                onChange={[Function]}
                placeholder={undefined}
                type="email"
                value={undefined}
              />
            </div>
            <p
              className="components-base-control__help"
              id="inspector-text-control-0__help"
            >
              Email field description
            </p>
          </div>
        </div>
      </div>
      <div
        className="caldera-column sc-bdVaJa iHZvIS"
        id={undefined}
        width={undefined}
      >
        <div
          className="caldera-field-wrapper caldera-field-wrapper-text"
        >
          <div
            className="components-base-control caldera-field caldera-field-text"
          >
            <div
              className="components-base-control__field"
            >
              <label
                className="components-base-control__label"
                htmlFor="inspector-text-control-1"
              >
                First Name
              </label>
              <input
                aria-describedby="inspector-text-control-1__help"
                className="components-text-control__input"
                id="firstName"
                onBlur={[Function]}
                onChange={[Function]}
                placeholder={undefined}
                type="text"
                value={undefined}
              />
            </div>
            <p
              className="components-base-control__help"
              id="inspector-text-control-1__help"
            >
              your first name
            </p>
          </div>
        </div>
      </div>
    </div>
    <input
      className="caldera-forms-submit"
      disabled={false}
      type="submit"
      value="Click Button"
    />
  </form>
</div>
`;
