// Jest Snapshot v1, https://goo.gl/fbAQLP

exports[`Row component Creates with two rows 1`] = `
Array [
  <div
    className="sc-bdVaJa caldera-row sc-bwzfXH pjOvZ"
    id="r1"
  >
    <div
      className="caldera-column width-12 sc-bdVaJa gfmZBt"
      width="1/2"
    />
    <div
      className="caldera-column width-12 sc-bdVaJa gfmZBt"
      width="1/2"
    />
  </div>,
  <div
    className="sc-bdVaJa caldera-row sc-bwzfXH pjOvZ"
    id="r2"
  >
    <div
      className="caldera-column width-12 sc-bdVaJa dbyxub"
      width="1/3"
    />
    <div
      className="caldera-column width-12 sc-bdVaJa dbyxub"
      width="1/3"
    />
    <div
      className="caldera-column width-12 sc-bdVaJa dbyxub"
      width="1/3"
    />
  </div>,
]
`;
