// Jest Snapshot v1, https://goo.gl/fbAQLP

exports[`Select Field component matches snapshot, not multiple 1`] = `null`;
