// Jest Snapshot v1, https://goo.gl/fbAQLP

exports[`a snapshots 1`] = `
<div>
  a1
</div>
`;
