// Jest Snapshot v1, https://goo.gl/fbAQLP

exports[`InputField  matches snapshot with all props 1`] = `
<div
  className="caldera-field-wrapper caldera-field-wrapper-text"
>
  <label>
    Hi Roy
     
  </label>
  <input
    aria-describedby="undefined__help"
    className="caldera-field caldera-field-text"
    onBlur={[MockFunction]}
    onChange={[Function]}
    placeholder="Hello"
    type="text"
    value="Roy"
  />
  <p
    className="caldera-control__help"
    id="undefined__help"
  >
    Say Hi
  </p>
</div>
`;
