// Jest Snapshot v1, https://goo.gl/fbAQLP

exports[`FormListItem Matches snapshot 1`] = `
<div>
  <div />
  <div
    className="components-toolbar"
  >
    <button
      aria-label="Edit Form"
      className="components-button components-icon-button form-list-item form-list-item-edit"
      onBlur={[Function]}
      onClick={[Function]}
      onFocus={[Function]}
      onMouseEnter={[Function]}
      onMouseLeave={[Function]}
      type="button"
    >
      <svg
        aria-hidden="true"
        className="dashicon dashicons-edit"
        focusable="false"
        height={20}
        role="img"
        viewBox="0 0 20 20"
        width={20}
        xmlns="http://www.w3.org/2000/svg"
      >
        <path
          d="M13.89 3.39l2.71 2.72c.46.46.42 1.24.03 1.64l-8.01 8.02-5.56 1.16 1.16-5.58s7.6-7.63 7.99-8.03c.39-.39 1.22-.39 1.68.07zm-2.73 2.79l-5.59 5.61 1.11 1.11 5.54-5.65zm-2.97 8.23l5.58-5.6-1.07-1.08-5.59 5.6z"
        />
      </svg>
    </button>
    <button
      aria-label="View Entries"
      className="components-button components-icon-button form-list-item form-list-item-view-entries"
      onBlur={[Function]}
      onClick={[Function]}
      onFocus={[Function]}
      onMouseEnter={[Function]}
      onMouseLeave={[Function]}
      type="button"
    >
      <svg
        aria-hidden="true"
        className="dashicon dashicons-list-view"
        focusable="false"
        height={20}
        role="img"
        viewBox="0 0 20 20"
        width={20}
        xmlns="http://www.w3.org/2000/svg"
      >
        <path
          d="M2 19h16c.55 0 1-.45 1-1V2c0-.55-.45-1-1-1H2c-.55 0-1 .45-1 1v16c0 .55.45 1 1 1zM4 3c.55 0 1 .45 1 1s-.45 1-1 1-1-.45-1-1 .45-1 1-1zm13 0v2H6V3h11zM4 7c.55 0 1 .45 1 1s-.45 1-1 1-1-.45-1-1 .45-1 1-1zm13 0v2H6V7h11zM4 11c.55 0 1 .45 1 1s-.45 1-1 1-1-.45-1-1 .45-1 1-1zm13 0v2H6v-2h11zM4 15c.55 0 1 .45 1 1s-.45 1-1 1-1-.45-1-1 .45-1 1-1zm13 0v2H6v-2h11z"
        />
      </svg>
    </button>
    <button
      aria-label="Preview Form"
      className="components-button components-icon-button form-list-item form-list-item-preview"
      onBlur={[Function]}
      onClick={[Function]}
      onFocus={[Function]}
      onMouseEnter={[Function]}
      onMouseLeave={[Function]}
      type="button"
    >
      <svg
        aria-hidden="true"
        className="dashicon dashicons-feedback"
        focusable="false"
        height={20}
        role="img"
        viewBox="0 0 20 20"
        width={20}
        xmlns="http://www.w3.org/2000/svg"
      >
        <path
          d="M2 2h16c.55 0 1 .45 1 1v14c0 .55-.45 1-1 1H2c-.55 0-1-.45-1-1V3c0-.55.45-1 1-1zm15 14V7H3v9h14zM4 8v1h3V8H4zm4 0v3h8V8H8zm-4 4v1h3v-1H4zm4 0v3h8v-3H8z"
        />
      </svg>
    </button>
    <button
      aria-label="Form Settings"
      className="components-button components-icon-button form-list-item form-list-item-settings"
      onBlur={[Function]}
      onClick={[Function]}
      onFocus={[Function]}
      onMouseEnter={[Function]}
      onMouseLeave={[Function]}
      type="button"
    >
      <svg
        aria-hidden="true"
        className="dashicon dashicons-admin-settings"
        focusable="false"
        height={20}
        role="img"
        viewBox="0 0 20 20"
        width={20}
        xmlns="http://www.w3.org/2000/svg"
      >
        <path
          d="M18 16V4c0-.55-.45-1-1-1H4c-.55 0-1 .45-1 1v12c0 .55.45 1 1 1h13c.55 0 1-.45 1-1zM8 11h1c.55 0 1 .45 1 1s-.45 1-1 1H8v1.5c0 .28-.22.5-.5.5s-.5-.22-.5-.5V13H6c-.55 0-1-.45-1-1s.45-1 1-1h1V5.5c0-.28.22-.5.5-.5s.5.22.5.5V11zm5-2h-1c-.55 0-1-.45-1-1s.45-1 1-1h1V5.5c0-.28.22-.5.5-.5s.5.22.5.5V7h1c.55 0 1 .45 1 1s-.45 1-1 1h-1v5.5c0 .28-.22.5-.5.5s-.5-.22-.5-.5V9z"
        />
      </svg>
    </button>
  </div>
</div>
`;
