// Jest Snapshot v1, https://goo.gl/fbAQLP

exports[`Processors collection in processors UI Renders with a list of processors 1`] = `
<div>
  <div>
    <div
      className="sc-bdVaJa caldera-row sc-bwzfXH pjOvZ"
      id={undefined}
    >
      <button
        className="caldera-forms-choose-processor caldera-forms-choose-processor-season7Episode2"
        onClick={[Function]}
      >
        Test sending form data to test API
      </button>
    </div>
    <div
      className="sc-bdVaJa caldera-row sc-bwzfXH pjOvZ"
      id={undefined}
    >
      <button
        className="caldera-forms-choose-processor caldera-forms-choose-processor-p2"
        onClick={[Function]}
      >
        Main MailChimp
      </button>
    </div>
  </div>
  <div>
    <div
      className="caldera-field-wrapper caldera-field-wrapper-text"
    >
      <div
        className="components-base-control caldera-field caldera-field-select"
      >
        <div
          className="components-base-control__field"
        >
          <label
            className="components-base-control__label"
            htmlFor="inspector-select-control-4"
          >
            Processor Type
          </label>
          <select
            aria-describedby={undefined}
            className="components-select-control__input"
            id="newProcessorType"
            multiple={false}
            onChange={[Function]}
            value=""
          >
            <option
              value={null}
            >
              --
            </option>
          </select>
        </div>
      </div>
    </div>
    <button
      disabled={true}
      onClick={[Function]}
    >
      Add 
      
       Processor
    </button>
  </div>
</div>
`;
